// Jest Snapshot v1, https://goo.gl/fbAQLP

exports[`StoryCard renders correctly 1`] = `
<div
  class="sc-eLqIir cDTEi"
  data-testid="story-card"
>
  <h2
    aria-label="title"
    class="sc-HzRMQ iusPGB"
    data-mui-internal-clone-element="true"
  >
    title
  </h2>
  <p
    class="sc-hIFLYB beIBwC"
  >
    content
  </p>
  <div
    class="sc-buuUZy bbkVaB"
  >
    <span
      class="sc-ivAPlj kEsluN"
    >
      category
    </span>
    <span
      class="sc-ivAPlj kEsluN"
    >
      author
    </span>
    <span
      class="sc-ivAPlj kEsluN"
    >
      01. 01. 2021.
    </span>
  </div>
  <div
    class="sc-erJYPI hobJaY"
  >
    <button
      aria-label="add to favorites"
      class="MuiButtonBase-root MuiIconButton-root MuiIconButton-sizeMedium css-yvetkp-MuiButtonBase-root-MuiIconButton-root"
      data-mui-internal-clone-element="true"
      data-testid="favorite-button"
      tabindex="0"
      type="button"
    >
      <svg
        aria-hidden="true"
        class="MuiSvgIcon-root MuiSvgIcon-colorPrimary MuiSvgIcon-fontSizeMedium css-ci5apu-MuiSvgIcon-root"
        data-testid="FavoriteIcon"
        focusable="false"
        viewBox="0 0 24 24"
      >
        <path
          d="m12 21.35-1.45-1.32C5.4 15.36 2 12.28 2 8.5 2 5.42 4.42 3 7.5 3c1.74 0 3.41.81 4.5 2.09C13.09 3.81 14.76 3 16.5 3 19.58 3 22 5.42 22 8.5c0 3.78-3.4 6.86-8.55 11.54L12 21.35z"
        />
      </svg>
    </button>
  </div>
</div>
`;
